d:\vs2022program\darkmaze\darkmaze\x64\debug\vc143.pdb
d:\vs2022program\darkmaze\darkmaze\x64\debug\vc143.idb
d:\vs2022program\darkmaze\darkmaze\x64\debug\player.obj
d:\vs2022program\darkmaze\darkmaze\x64\debug\monster.obj
d:\vs2022program\darkmaze\darkmaze\x64\debug\mapobj.obj
d:\vs2022program\darkmaze\darkmaze\x64\debug\main.obj
d:\vs2022program\darkmaze\darkmaze\x64\debug\item.obj
d:\vs2022program\darkmaze\darkmaze\x64\debug\game.obj
d:\vs2022program\darkmaze\darkmaze\x64\debug\darkmaze.ilk
d:\vs2022program\darkmaze\x64\debug\darkmaze.pdb
d:\vs2022program\darkmaze\darkmaze\x64\debug\darkmaze.tlog\cl.command.1.tlog
d:\vs2022program\darkmaze\darkmaze\x64\debug\darkmaze.tlog\cl.items.tlog
d:\vs2022program\darkmaze\darkmaze\x64\debug\darkmaze.tlog\cl.read.1.tlog
d:\vs2022program\darkmaze\darkmaze\x64\debug\darkmaze.tlog\cl.write.1.tlog
d:\vs2022program\darkmaze\darkmaze\x64\debug\darkmaze.tlog\link.23436-cvtres.read.1.tlog
d:\vs2022program\darkmaze\darkmaze\x64\debug\darkmaze.tlog\link.23436-cvtres.write.1.tlog
d:\vs2022program\darkmaze\darkmaze\x64\debug\darkmaze.tlog\link.23436-rc.read.1.tlog
d:\vs2022program\darkmaze\darkmaze\x64\debug\darkmaze.tlog\link.23436-rc.write.1.tlog
d:\vs2022program\darkmaze\darkmaze\x64\debug\darkmaze.tlog\link.23436.read.1.tlog
d:\vs2022program\darkmaze\darkmaze\x64\debug\darkmaze.tlog\link.23436.read.2.tlog
d:\vs2022program\darkmaze\darkmaze\x64\debug\darkmaze.tlog\link.23436.read.3.tlog
d:\vs2022program\darkmaze\darkmaze\x64\debug\darkmaze.tlog\link.23436.read.4.tlog
d:\vs2022program\darkmaze\darkmaze\x64\debug\darkmaze.tlog\link.23436.read.5.tlog
d:\vs2022program\darkmaze\darkmaze\x64\debug\darkmaze.tlog\link.23436.read.6.tlog
d:\vs2022program\darkmaze\darkmaze\x64\debug\darkmaze.tlog\link.23436.write.1.tlog
d:\vs2022program\darkmaze\darkmaze\x64\debug\darkmaze.tlog\link.command.1.tlog
d:\vs2022program\darkmaze\darkmaze\x64\debug\darkmaze.tlog\link.read.1.tlog
d:\vs2022program\darkmaze\darkmaze\x64\debug\darkmaze.tlog\link.secondary.1.tlog
d:\vs2022program\darkmaze\darkmaze\x64\debug\darkmaze.tlog\link.write.1.tlog
